c:\users\vjkpo\source\repos\vgp240\x\external\directxtk\bin\desktop_2019\x64\debug\directxtk.pch
c:\users\vjkpo\source\repos\vgp240\x\external\directxtk\bin\desktop_2019\x64\debug\directxtk.pdb
c:\users\vjkpo\source\repos\vgp240\x\external\directxtk\bin\desktop_2019\x64\debug\directxtk.idb
c:\users\vjkpo\source\repos\vgp240\x\external\directxtk\bin\desktop_2019\x64\debug\pch.obj
c:\users\vjkpo\source\repos\vgp240\x\external\directxtk\bin\desktop_2019\x64\debug\graphicsmemory.obj
c:\users\vjkpo\source\repos\vgp240\x\external\directxtk\bin\desktop_2019\x64\debug\geometry.obj
c:\users\vjkpo\source\repos\vgp240\x\external\directxtk\bin\desktop_2019\x64\debug\geometricprimitive.obj
c:\users\vjkpo\source\repos\vgp240\x\external\directxtk\bin\desktop_2019\x64\debug\gamepad.obj
c:\users\vjkpo\source\repos\vgp240\x\external\directxtk\bin\desktop_2019\x64\debug\environmentmapeffect.obj
c:\users\vjkpo\source\repos\vgp240\x\external\directxtk\bin\desktop_2019\x64\debug\effectfactory.obj
c:\users\vjkpo\source\repos\vgp240\x\external\directxtk\bin\desktop_2019\x64\debug\effectcommon.obj
c:\users\vjkpo\source\repos\vgp240\x\external\directxtk\bin\desktop_2019\x64\debug\binaryreader.obj
c:\users\vjkpo\source\repos\vgp240\x\external\directxtk\bin\desktop_2019\x64\debug\dualtextureeffect.obj
c:\users\vjkpo\source\repos\vgp240\x\external\directxtk\bin\desktop_2019\x64\debug\dualpostprocess.obj
c:\users\vjkpo\source\repos\vgp240\x\external\directxtk\bin\desktop_2019\x64\debug\directxhelpers.obj
c:\users\vjkpo\source\repos\vgp240\x\external\directxtk\bin\desktop_2019\x64\debug\dgsleffectfactory.obj
c:\users\vjkpo\source\repos\vgp240\x\external\directxtk\bin\desktop_2019\x64\debug\dgsleffect.obj
c:\users\vjkpo\source\repos\vgp240\x\external\directxtk\bin\desktop_2019\x64\debug\debugeffect.obj
c:\users\vjkpo\source\repos\vgp240\x\external\directxtk\bin\desktop_2019\x64\debug\ddstextureloader.obj
c:\users\vjkpo\source\repos\vgp240\x\external\directxtk\bin\desktop_2019\x64\debug\commonstates.obj
c:\users\vjkpo\source\repos\vgp240\x\external\directxtk\bin\desktop_2019\x64\debug\bufferhelpers.obj
c:\users\vjkpo\source\repos\vgp240\x\external\directxtk\bin\desktop_2019\x64\debug\basicpostprocess.obj
c:\users\vjkpo\source\repos\vgp240\x\external\directxtk\bin\desktop_2019\x64\debug\basiceffect.obj
c:\users\vjkpo\source\repos\vgp240\x\external\directxtk\bin\desktop_2019\x64\debug\alphatesteffect.obj
c:\users\vjkpo\source\repos\vgp240\x\external\directxtk\bin\desktop_2019\x64\debug\wictextureloader.obj
c:\users\vjkpo\source\repos\vgp240\x\external\directxtk\bin\desktop_2019\x64\debug\vertextypes.obj
c:\users\vjkpo\source\repos\vgp240\x\external\directxtk\bin\desktop_2019\x64\debug\tonemappostprocess.obj
c:\users\vjkpo\source\repos\vgp240\x\external\directxtk\bin\desktop_2019\x64\debug\spritefont.obj
c:\users\vjkpo\source\repos\vgp240\x\external\directxtk\bin\desktop_2019\x64\debug\primitivebatch.obj
c:\users\vjkpo\source\repos\vgp240\x\external\directxtk\bin\desktop_2019\x64\debug\spritebatch.obj
c:\users\vjkpo\source\repos\vgp240\x\external\directxtk\bin\desktop_2019\x64\debug\skinnedeffect.obj
c:\users\vjkpo\source\repos\vgp240\x\external\directxtk\bin\desktop_2019\x64\debug\simplemath.obj
c:\users\vjkpo\source\repos\vgp240\x\external\directxtk\bin\desktop_2019\x64\debug\screengrab.obj
c:\users\vjkpo\source\repos\vgp240\x\external\directxtk\bin\desktop_2019\x64\debug\pbreffectfactory.obj
c:\users\vjkpo\source\repos\vgp240\x\external\directxtk\bin\desktop_2019\x64\debug\pbreffect.obj
c:\users\vjkpo\source\repos\vgp240\x\external\directxtk\bin\desktop_2019\x64\debug\normalmapeffect.obj
c:\users\vjkpo\source\repos\vgp240\x\external\directxtk\bin\desktop_2019\x64\debug\mouse.obj
c:\users\vjkpo\source\repos\vgp240\x\external\directxtk\bin\desktop_2019\x64\debug\modelloadvbo.obj
c:\users\vjkpo\source\repos\vgp240\x\external\directxtk\bin\desktop_2019\x64\debug\modelloadsdkmesh.obj
c:\users\vjkpo\source\repos\vgp240\x\external\directxtk\bin\desktop_2019\x64\debug\modelloadcmo.obj
c:\users\vjkpo\source\repos\vgp240\x\external\directxtk\bin\desktop_2019\x64\debug\model.obj
c:\users\vjkpo\source\repos\vgp240\x\external\directxtk\bin\desktop_2019\x64\debug\keyboard.obj
c:\users\vjkpo\source\repos\vgp240\x\external\directxtk\bin\desktop_2019\x64\debug\directxtk.lib
c:\users\vjkpo\source\repos\vgp240\x\external\directxtk\bin\desktop_2019\x64\debug\directxt.e0b52ae7.tlog\cl.command.1.tlog
c:\users\vjkpo\source\repos\vgp240\x\external\directxtk\bin\desktop_2019\x64\debug\directxt.e0b52ae7.tlog\cl.items.tlog
c:\users\vjkpo\source\repos\vgp240\x\external\directxtk\bin\desktop_2019\x64\debug\directxt.e0b52ae7.tlog\cl.read.1.tlog
c:\users\vjkpo\source\repos\vgp240\x\external\directxtk\bin\desktop_2019\x64\debug\directxt.e0b52ae7.tlog\cl.write.1.tlog
c:\users\vjkpo\source\repos\vgp240\x\external\directxtk\bin\desktop_2019\x64\debug\directxt.e0b52ae7.tlog\lib-link.read.1.tlog
c:\users\vjkpo\source\repos\vgp240\x\external\directxtk\bin\desktop_2019\x64\debug\directxt.e0b52ae7.tlog\lib-link.write.1.tlog
c:\users\vjkpo\source\repos\vgp240\x\external\directxtk\bin\desktop_2019\x64\debug\directxt.e0b52ae7.tlog\lib.command.1.tlog
